// Jest Snapshot v1, https://goo.gl/fbAQLP

exports[`coin markup is correct 1`] = `
<label
  data-testid="coin-label"
>
  <input
    type="checkbox"
    value="2"
  />
  B - Bond... James Bond
  <br />
</label>
`;
